// Jest Snapshot v1, https://goo.gl/fbAQLP

exports[`renders App react component 1`] = `
<DocumentFragment>
  <div
    class="App"
  >
    <mock-monitor />
  </div>
</DocumentFragment>
`;
